###Ragathiel
CATEGORY=Internal|Deific Obedience Benefits.MOD		ABILITY:Special Ability|AUTOMATIC|Deific Obedience ~ Ragathiel|PREDEITY:1,Ragathiel			ABILITY:Special Ability|AUTOMATIC|Celestial Boon ~ Ragathiel ~ Virtuous Combat|PREMULT:2,[PREDEITY:1,Ragathiel],[PREVARGTEQ:DeificBoonLvl,12],[PREVARGTEQ:DivineBoon1,1]		ABILITY:Special Ability|AUTOMATIC|Celestial Boon ~ Ragathiel ~ Retribution|PREMULT:2,[PREDEITY:1,Ragathiel],[PREVARGTEQ:DeificBoonLvl,16],[PREVARGTEQ:DivineBoon2,1]		ABILITY:Special Ability|AUTOMATIC|Celestial Boon ~ Ragathiel ~ Pure Soul|PREMULT:2,[PREDEITY:1,Ragathiel],[PREVARGTEQ:DeificBoonLvl,20],[PREVARGTEQ:DivineBoon3,1]

Ragathiel's Obedience		NAMEISPI:Yes	KEY:Deific Obedience ~ Ragathiel				CATEGORY:Special Ability	TYPE:Faith Based Obedience.SpecialQuality					SOURCEPAGE:p.21		DESC:Slay a proven wrongdoer in Ragathiel's name. It is not enough for the sacrifice to have an evil heart or evil intentions; the sacrifice must have committed evil or unlawful deeds. Gain a +4 sacred bonus on saving throws against spells and effects cast by evil creatures.	DESCISPI:Yes		ABILITY:Internal|AUTOMATIC|Temp Bonus ~ Ragathiel's Obedience|PREVARGTEQ:CelestialObedienceActive,1
Virtuous Combat								KEY:Deific Boon ~ Ragathiel ~ Virtuous Combat	CATEGORY:Special Ability	TYPE:Faith Based Boon.SpecialQuality.SpellLike				SOURCEPAGE:p.21		DESC:Each day, upon performing your obedience, choose one of the following spell-like abilities: Bless Weapon 3/day, Litany of Righteousness 2/day, or Magic Vestment 1/day
Retribution									KEY:Deific Boon ~ Ragathiel ~ Retribution		CATEGORY:Special Ability	TYPE:Faith Based Boon.SpecialQuality.Supernatural			SOURCEPAGE:p.21		DESC:If you have performed your daily obedience, you gain a +%1 sacred bonus on damage rolls made with slashing weapons against the last creature to have physically wounded you within the last 24 hours.|TL/2
Pure Soul									KEY:Deific Boon ~ Ragathiel ~ Pure Soul			CATEGORY:Special Ability	TYPE:Faith Based Boon.SpecialQuality.SpellLike				SOURCEPAGE:p.21		DESC:If you have performed your daily obedience, you can cast holy aura on yourself once per day. In addition to the effects of the spell, you gain DR 10/good and cold iron and you treat any weapon in hand as a +5 holy weapon for the duration of the effect.
Ragathiel's Obedience		NAMEISPI:Yes	KEY:Temp Bonus ~ Ragathiel's Obedience			CATEGORY:Internal			ASPECT:SaveBonus|+4 sacred bonus on saves vs. spells and effects cast by evil creatures.		SPELLS:Divine Boon Choice|TIMES=3|CASTERLEVEL=TL|Bless Weapon|PREMULT:1,[PREVARGTEQ:DeificBoonLvl,12],[PREVARGTEQ:DivineBoon1,1]		SPELLS:Divine Boon Choice|TIMES=2|CASTERLEVEL=TL|Litany of Righteousness|PREMULT:1,[PREVARGTEQ:DeificBoonLvl,12],[PREVARGTEQ:DivineBoon1,1]		SPELLS:Divine Boon Choice|TIMES=1|CASTERLEVEL=TL|Magic Vestment|PREMULT:1,[PREVARGTEQ:DeificBoonLvl,12],[PREVARGTEQ:DivineBoon1,1]		SPELLS:Divine Boon (spell variant)|CASTERLEVEL=TL|Holy Aura|PREMULT:1,[PREVARGTEQ:DeificBoonLvl,20],[PREVARGTEQ:DivineBoon3,1]
