SOURCELONG:My Pathfinder Campaign	SOURCESHORT:MPC	SOURCEWEB:http://www.mywebsite.com	SOURCEDATE:2008-01

Ring of Lead Blades (Unarmed Strike)			TYPE:Magic.Ring									COST:4000						BONUS:WEAPONPROF=Unarmed Strike|DAMAGESIZE|1
Ring of Strong Jaw								TYPE:Magic.Ring									COST:112000						BONUS:WEAPONPROF=TYPE.Natural|DAMAGESIZE|2
Ring of Strong Jaw (Unarmed Strike)				TYPE:Magic.Ring									COST:112000						BONUS:WEAPONPROF=Unarmed Strike|DAMAGESIZE|2
Ring of Lead Blades								TYPE:Magic.Ring									COST:4000						BONUS:WEAPONPROF=TYPE.Melee|DAMAGESIZE|1
Ring of Gravity Bow								TYPE:Magic.Ring									COST:4000						BONUS:WEAPONPROF=TYPE.Ranged|DAMAGESIZE|1

Amulet of the Crusader Monk						TYPE:Magic.Wondrous.Amulet.AmuletOfMightyFists	COST:175000		WT:0.02			BONUS:COMBAT|AC|5|TYPE=NaturalArmorEnhancement		EQMOD:Special Ability ~ Axiomatic ~ Amulet of Mighty Fists.Special Ability ~ Holy ~ Amulet of Mighty Fists.Special Ability ~ Bane ~ Amulet of Mighty Fists|Outsiders (Evil)

2 Ioun Stones (Crimson Sphere)		OUTPUTNAME:2 Ioun Stones, [NAME]	TYPE:Magic.Wondrous.Ioun		COST:48000		DEFINE:IounStoneINTBonus|0	BONUS:VAR|IounStoneINTBonus|4	ABILITY:Internal|AUTOMATIC|Equipment Bonus ~ Ioun Stone INT Bonus		SOURCEPAGE:p.44		SPROP:Adds a +2 Enhancement bonus to Intelligence.  Multiple stones stack up to +6 bonus.	
3 Ioun Stones (Crimson Sphere)		OUTPUTNAME:3 Ioun Stones, [NAME]	TYPE:Magic.Wondrous.Ioun		COST:72000		DEFINE:IounStoneINTBonus|0	BONUS:VAR|IounStoneINTBonus|6	ABILITY:Internal|AUTOMATIC|Equipment Bonus ~ Ioun Stone INT Bonus		SOURCEPAGE:p.44		SPROP:Adds a +2 Enhancement bonus to Intelligence.  Multiple stones stack up to +6 bonus.

2 Ioun Stones (Amber Spindle)		OUTPUTNAME:2 Ioun Stones, [NAME]	TYPE:Magic.Wondrous.Ioun		COST:10000		DEFINE:AmberStoneStack|0	BONUS:VAR|AmberStoneStack|1		BONUS:VAR|IounStoneFortitudeSaveBonus|1		BONUS:VAR|IounStoneReflexSaveBonus|1		BONUS:VAR|IounStoneWillSaveBonus|1		ABILITY:Special Ability|AUTOMATIC|Ioun Stone / Amber Spindle		SOURCEPAGE:p.44		SPROP:Adds a +1 Resistance bonus to saving throws.  Multiple stones stack up to +5 bonus.
3 Ioun Stones (Amber Spindle)		OUTPUTNAME:3 Ioun Stones, [NAME]	TYPE:Magic.Wondrous.Ioun		COST:15000		DEFINE:AmberStoneStack|0	BONUS:VAR|AmberStoneStack|2		BONUS:VAR|IounStoneFortitudeSaveBonus|2		BONUS:VAR|IounStoneReflexSaveBonus|2		BONUS:VAR|IounStoneWillSaveBonus|2		ABILITY:Special Ability|AUTOMATIC|Ioun Stone / Amber Spindle		SOURCEPAGE:p.44		SPROP:Adds a +1 Resistance bonus to saving throws.  Multiple stones stack up to +5 bonus.
4 Ioun Stones (Amber Spindle)		OUTPUTNAME:4 Ioun Stones, [NAME]	TYPE:Magic.Wondrous.Ioun		COST:20000		DEFINE:AmberStoneStack|0	BONUS:VAR|AmberStoneStack|3		BONUS:VAR|IounStoneFortitudeSaveBonus|3		BONUS:VAR|IounStoneReflexSaveBonus|3		BONUS:VAR|IounStoneWillSaveBonus|3		ABILITY:Special Ability|AUTOMATIC|Ioun Stone / Amber Spindle		SOURCEPAGE:p.44		SPROP:Adds a +1 Resistance bonus to saving throws.  Multiple stones stack up to +5 bonus.
5 Ioun Stones (Amber Spindle)		OUTPUTNAME:5 Ioun Stones, [NAME]	TYPE:Magic.Wondrous.Ioun		COST:25000		DEFINE:AmberStoneStack|0	BONUS:VAR|AmberStoneStack|4		BONUS:VAR|IounStoneFortitudeSaveBonus|4		BONUS:VAR|IounStoneReflexSaveBonus|4		BONUS:VAR|IounStoneWillSaveBonus|4		ABILITY:Special Ability|AUTOMATIC|Ioun Stone / Amber Spindle		SOURCEPAGE:p.44		SPROP:Adds a +1 Resistance bonus to saving throws.  Multiple stones stack up to +5 bonus.

2 Ioun Stones (Emerald Ellipsoid)	OUTPUTNAME:2 Ioun Stones, [NAME]	TYPE:Magic.Wondrous.Ioun		COST:40000		DEFINE:EmeraldStoneStack|0	BONUS:VAR|EmeraldStoneStack|2	ABILITY:Special Ability|AUTOMATIC|Ioun Stone / Emerald Ellipsoid	SOURCEPAGE:p.44		SPROP:Adds 5 temporary hit points.  Multiple stones stack, no known limit.
3 Ioun Stones (Emerald Ellipsoid)	OUTPUTNAME:3 Ioun Stones, [NAME]	TYPE:Magic.Wondrous.Ioun		COST:60000		DEFINE:EmeraldStoneStack|0	BONUS:VAR|EmeraldStoneStack|3	ABILITY:Special Ability|AUTOMATIC|Ioun Stone / Emerald Ellipsoid	SOURCEPAGE:p.44		SPROP:Adds 5 temporary hit points.  Multiple stones stack, no known limit.
4 Ioun Stones (Emerald Ellipsoid)	OUTPUTNAME:4 Ioun Stones, [NAME]	TYPE:Magic.Wondrous.Ioun		COST:80000		DEFINE:EmeraldStoneStack|0	BONUS:VAR|EmeraldStoneStack|4	ABILITY:Special Ability|AUTOMATIC|Ioun Stone / Emerald Ellipsoid	SOURCEPAGE:p.44		SPROP:Adds 5 temporary hit points.  Multiple stones stack, no known limit.
5 Ioun Stones (Emerald Ellipsoid)	OUTPUTNAME:5 Ioun Stones, [NAME]	TYPE:Magic.Wondrous.Ioun		COST:100000		DEFINE:EmeraldStoneStack|0	BONUS:VAR|EmeraldStoneStack|5	ABILITY:Special Ability|AUTOMATIC|Ioun Stone / Emerald Ellipsoid	SOURCEPAGE:p.44		SPROP:Adds 5 temporary hit points.  Multiple stones stack, no known limit.
6 Ioun Stones (Emerald Ellipsoid)	OUTPUTNAME:6 Ioun Stones, [NAME]	TYPE:Magic.Wondrous.Ioun		COST:120000		DEFINE:EmeraldStoneStack|0	BONUS:VAR|EmeraldStoneStack|6	ABILITY:Special Ability|AUTOMATIC|Ioun Stone / Emerald Ellipsoid	SOURCEPAGE:p.44		SPROP:Adds 5 temporary hit points.  Multiple stones stack, no known limit.
7 Ioun Stones (Emerald Ellipsoid)	OUTPUTNAME:7 Ioun Stones, [NAME]	TYPE:Magic.Wondrous.Ioun		COST:140000		DEFINE:EmeraldStoneStack|0	BONUS:VAR|EmeraldStoneStack|7	ABILITY:Special Ability|AUTOMATIC|Ioun Stone / Emerald Ellipsoid	SOURCEPAGE:p.44		SPROP:Adds 5 temporary hit points.  Multiple stones stack, no known limit.
8 Ioun Stones (Emerald Ellipsoid)	OUTPUTNAME:8 Ioun Stones, [NAME]	TYPE:Magic.Wondrous.Ioun		COST:160000		DEFINE:EmeraldStoneStack|0	BONUS:VAR|EmeraldStoneStack|8	ABILITY:Special Ability|AUTOMATIC|Ioun Stone / Emerald Ellipsoid	SOURCEPAGE:p.44		SPROP:Adds 5 temporary hit points.  Multiple stones stack, no known limit.
9 Ioun Stones (Emerald Ellipsoid)	OUTPUTNAME:9 Ioun Stones, [NAME]	TYPE:Magic.Wondrous.Ioun		COST:180000		DEFINE:EmeraldStoneStack|0	BONUS:VAR|EmeraldStoneStack|9	ABILITY:Special Ability|AUTOMATIC|Ioun Stone / Emerald Ellipsoid	SOURCEPAGE:p.44		SPROP:Adds 5 temporary hit points.  Multiple stones stack, no known limit.
10 Ioun Stones (Emerald Ellipsoid)	OUTPUTNAME:10 Ioun Stones, [NAME]	TYPE:Magic.Wondrous.Ioun		COST:200000		DEFINE:EmeraldStoneStack|0	BONUS:VAR|EmeraldStoneStack|10	ABILITY:Special Ability|AUTOMATIC|Ioun Stone / Emerald Ellipsoid	SOURCEPAGE:p.44		SPROP:Adds 5 temporary hit points.  Multiple stones stack, no known limit.
11 Ioun Stones (Emerald Ellipsoid)	OUTPUTNAME:11 Ioun Stones, [NAME]	TYPE:Magic.Wondrous.Ioun		COST:220000		DEFINE:EmeraldStoneStack|0	BONUS:VAR|EmeraldStoneStack|11	ABILITY:Special Ability|AUTOMATIC|Ioun Stone / Emerald Ellipsoid	SOURCEPAGE:p.44		SPROP:Adds 5 temporary hit points.  Multiple stones stack, no known limit.
12 Ioun Stones (Emerald Ellipsoid)	OUTPUTNAME:12 Ioun Stones, [NAME]	TYPE:Magic.Wondrous.Ioun		COST:240000		DEFINE:EmeraldStoneStack|0	BONUS:VAR|EmeraldStoneStack|12	ABILITY:Special Ability|AUTOMATIC|Ioun Stone / Emerald Ellipsoid	SOURCEPAGE:p.44		SPROP:Adds 5 temporary hit points.  Multiple stones stack, no known limit.
13 Ioun Stones (Emerald Ellipsoid)	OUTPUTNAME:13 Ioun Stones, [NAME]	TYPE:Magic.Wondrous.Ioun		COST:260000		DEFINE:EmeraldStoneStack|0	BONUS:VAR|EmeraldStoneStack|13	ABILITY:Special Ability|AUTOMATIC|Ioun Stone / Emerald Ellipsoid	SOURCEPAGE:p.44		SPROP:Adds 5 temporary hit points.  Multiple stones stack, no known limit.
14 Ioun Stones (Emerald Ellipsoid)	OUTPUTNAME:14 Ioun Stones, [NAME]	TYPE:Magic.Wondrous.Ioun		COST:280000		DEFINE:EmeraldStoneStack|0	BONUS:VAR|EmeraldStoneStack|14	ABILITY:Special Ability|AUTOMATIC|Ioun Stone / Emerald Ellipsoid	SOURCEPAGE:p.44		SPROP:Adds 5 temporary hit points.  Multiple stones stack, no known limit.
15 Ioun Stones (Emerald Ellipsoid)	OUTPUTNAME:15 Ioun Stones, [NAME]	TYPE:Magic.Wondrous.Ioun		COST:300000		DEFINE:EmeraldStoneStack|0	BONUS:VAR|EmeraldStoneStack|15	ABILITY:Special Ability|AUTOMATIC|Ioun Stone / Emerald Ellipsoid	SOURCEPAGE:p.44		SPROP:Adds 5 temporary hit points.  Multiple stones stack, no known limit.

2 Ioun Stones (Onyx Rhomboid)		OUTPUTNAME:2 Ioun Stones, [NAME]	TYPE:Magic.Wondrous.Ioun		COST:48000		DEFINE:IounStoneCONBonus|0		BONUS:VAR|IounStoneCONBonus|4		ABILITY:Internal|AUTOMATIC|Equipment Bonus ~ Ioun Stone CON Bonus		SOURCEPAGE:p.44		SPROP:Adds a +2 Enhancement bonus to Constitution.  Multiple stones stack up to +6 bonus.
3 Ioun Stones (Onyx Rhomboid)		OUTPUTNAME:3 Ioun Stones, [NAME]	TYPE:Magic.Wondrous.Ioun		COST:72000		DEFINE:IounStoneCONBonus|0		BONUS:VAR|IounStoneCONBonus|6		ABILITY:Internal|AUTOMATIC|Equipment Bonus ~ Ioun Stone CON Bonus		SOURCEPAGE:p.44		SPROP:Adds a +2 Enhancement bonus to Constitution.  Multiple stones stack up to +6 bonus.

Phylactery of Positive Channeling.COPY=Phylactery of Positive Channeling and Mental Superiority +2				TYPE:Magic.Wondrous.Headband.Intelligence		BONUS:ABILITYPOOL|Headband of Intellect Skill Choice|1				BONUS:STAT|INT,WIS,CHA|2|TYPE=Enhancement
Phylactery of Positive Channeling.COPY=Phylactery of Positive Channeling and Mental Superiority +4				TYPE:Magic.Wondrous.Headband.Intelligence		BONUS:ABILITYPOOL|Headband of Intellect Skill Choice|2				BONUS:STAT|INT,WIS,CHA|4|TYPE=Enhancement
Phylactery of Positive Channeling.COPY=Phylactery of Positive Channeling and Mental Superiority +6				TYPE:Magic.Wondrous.Headband.Intelligence		BONUS:ABILITYPOOL|Headband of Intellect Skill Choice|3				BONUS:STAT|INT,WIS,CHA|6|TYPE=Enhancement