SOURCELONG:My Pathfinder Campaign	SOURCESHORT:MPC	SOURCEWEB:http://www.mywebsite.com	SOURCEDATE:2008-01

#Monstrous Mount.MOD		CATEGORY:FEAT		TYPE:Monstrous Mount	DEFINE:MonstrousMountPegasus|0	BONUS:VAR|MonstrousMountPegasus|1|PREVAREQ:DisableMonstrousMount,0

#Monstrous Mount (Divine Bond).MOD		CATEGORY:Internal		COMPANIONLIST:Special Mount|Companion (Pegasus)|PREVARGTEQ:MonstrousMountPegasus,1

CATEGORY=Feat|Dimensional Agility.MOD		PRE:.CLEAR			PREMULT:1,[PRESPELL:1,Dimension Door],[PREABILITY:1,CATEGORY=Special Ability,Monk ~ Abundant Step],[PREABILITY:1,CATEGORY=Special Ability,Unchained Ki Power ~ Abundant Step]
CATEGORY=Feat|Dimensional Assault.MOD		PRE:.CLEAR			PREABILITY:1,CATEGORY=FEAT,Dimensional Agility												PREMULT:1,[PRESPELL:1,Dimension Door],[PREABILITY:1,CATEGORY=Special Ability,Monk ~ Abundant Step],[PREABILITY:1,CATEGORY=Special Ability,Unchained Ki Power ~ Abundant Step]
CATEGORY=Feat|Dimensional Dervish.MOD		PRE:.CLEAR			PREABILITY:2,CATEGORY=FEAT,Dimensional Agility,Dimensional Assault							PREMULT:1,[PRESPELL:1,Dimension Door],[PREABILITY:1,CATEGORY=Special Ability,Monk ~ Abundant Step],[PREABILITY:1,CATEGORY=Special Ability,Unchained Ki Power ~ Abundant Step]
CATEGORY=Feat|Dimensional Maneuvers.MOD		PRE:.CLEAR			PREABILITY:3,CATEGORY=FEAT,Dimensional Agility,Dimensional Assault,Dimensional Dervish		PREMULT:1,[PRESPELL:1,Dimension Door],[PREABILITY:1,CATEGORY=Special Ability,Monk ~ Abundant Step],[PREABILITY:1,CATEGORY=Special Ability,Unchained Ki Power ~ Abundant Step]
CATEGORY=Feat|Dimensional Savant.MOD		PRE:.CLEAR			PREABILITY:3,CATEGORY=FEAT,Dimensional Agility,Dimensional Assault,Dimensional Dervish		PREMULT:1,[PRESPELL:1,Dimension Door],[PREABILITY:1,CATEGORY=Special Ability,Monk ~ Abundant Step],[PREABILITY:1,CATEGORY=Special Ability,Unchained Ki Power ~ Abundant Step]

Anatomical Savant	CATEGORY:FEAT		TYPE:Combat		PREABILITY:1,CATEGORY=FEAT,Weapon Focus		PRETOTALAB:12	MULT:YES	STACK:NO	CHOOSE:WEAPONPROFICIENCY|ABILITY=FEAT[Weapon Focus]			DESC:Choose one weapon with which you have the Weapon Focus feat. When you strike an opponent that has a chance of negating critical hits or sneak attacks, such as from the fortification armor special ability, reduce that chance by 25%%. Treat creatures that are normally immune to critical hits and sneak attacks as instead having a 75%% chance to negate the critical hit or sneak attack, taking only the attack's normal damage.